[dotenv@17.2.3] injecting env (11) from .env -- tip: 🔄 add secrets lifecycle management: https://dotenvx.com/ops

🧪 Nemotron JSON Output Test Suite
Endpoint: http://localhost:12345
Model: nvidia/nemotron-3-nano


============================================================
TEST: Minimal (no system message)
============================================================

📄 Raw output (1702ms):
We need to extract functions from the code as JSON. Likely they want a JSON representation of the functions: maybe list of function names and their signatures? Or extract the functions themselves? The user says "Extract functions from this code as JSON". So we need to output JSON that describes the functions defined in the class. The code defines a class Logger with constructor and methods addListener, log. The constructor is not a function per se but a method. They likely want something like:

{
  "functions": [
    {
      "name": "constructor",
      "params": [],
      "body": "..."
    },
    {
      "name": "addListener",
      "params": ["fn"],
      "body": "..."
    },
    {
      "name": "log",
      "params": ["type","message"],
      "body": "..."
    }
  ]
}

But they said "Extract functions from this code as JSON". Could be they want to output the functions as JSON objects representing the function definitions. Probably they want a JSON array of function definitions with name, parameters, and code.

I'll produce a JSON object with keys "functions" mapping to an array of function definitions, each with "name", "params", "body". Provide the bodies as strings (maybe trimmed). Let's do that.

Also include the constructor? It's a method but not a function in typical sense. But they said "functions". Could include constructor as a function. I

🧹 After cleanup:
{
  "functions": [
    {
      "name": "constructor",
      "params": [],
      "body": "..."
    },
    {
      "name": "addListener",
      "params": ["fn"],
      "body": "..."
    },
    {
      "
...

✅ JSON VALID!
   Functions: 3
   Keywords: 0

============================================================
TEST: JSON-only system message
============================================================

📄 Raw output (1509ms):
We need to output only valid JSON, no extra text. The user wants to extract functions and keywords. Likely they want a JSON representation of functions and keywords from the code. We need to output only JSON, starting with { and ending with }. No markdown. So we need to produce something like:

{
  "functions": [
    {
      "name": "constructor",
      "params": [],
      "description": "Initializes Logger with empty listeners array."
    },
    {
      "name": "addListener",
      "params": [
        {"type":"function","name":"fn","description":"Callback function to be added to listeners"}
      ],
      "description": "Adds a listener function to the listeners array."
    },
    {
      "name": "log",
      "params": [
        {"type":"string","name":"type","description":"Log type"},
        {"type":"string","name":"message","description":"Log message"}
      ],
      "description": "Logs a message with type and notifies all listeners."
    }
  ],
  "keywords": [
    "class",
    "constructor",
    "addListener",
    "log",
    "console.log",
    "listeners",
    "push",
    "forEach",
    "arrow function"
  ]
}

But need to ensure valid JSON. No trailing commas. Also no extra text. Provide only JSON. Let's craft a concise JSON.

Probably they want to extract

🧹 After cleanup:
{ and ending with }. No markdown. So we need to produce something like:

{
  "functions": [
    {
      "name": "constructor",
      "params": [],
      "description": "Initializes Logger with empty l
...

❌ JSON INVALID: Expected property name or '}' in JSON at position 2 (line 1 column 3)

============================================================
TEST: Schema-first prompt
============================================================

📄 Raw output (1498ms):
We need to return JSON schema filled with data from the code. The schema is:

{
  "functions": [{"name":"","role":""}],
  "keywords": []
}

We need to fill functions with name and role from code. The code defines a class Logger with methods: constructor, addListener, log. Probably we need to list functions (methods) with name and role. Role maybe description? Not defined. Could be "method" or something. The instruction: "Return this JSON schema filled with data from the code". So we need to fill functions array with entries for each function (method) in the code. Provide name and role. Role could be something like "constructor", "addListener", "log". Or maybe "role" refers to the role of the function (e.g., "initializes", "registers listener", "logs and notifies"). We need to infer.

The schema has functions: array of objects with name and role. So we need to list each function (maybe methods) with their name and role. The code has three methods: constructor (name "constructor", role maybe "initializes listeners"), addListener (name "addListener", role maybe "registers a listener"), log (name "log", role maybe "logs message and notifies listeners").

Keywords: array of strings; we need to fill with keywords from the code. Likely keywords like "Logger", "listener", "log", "type", "

🧹 After cleanup:
{
  "functions": [{"name":"","role":""}],
  "keywords": []
}

✅ JSON VALID!
   Functions: 1
   Keywords: 0

============================================================
TEST: One-shot example
============================================================

📄 Raw output (1485ms):
We need to extract functions as JSON. The example shows output format: {"functions":[{"name":"add","role":"addition"}],"keywords":["math","add"]}

We need to parse the given code and output JSON with functions list and keywords. The code defines a class Logger with constructor, addListener, log methods. We need to extract functions: addListener and log? Also maybe constructor? Usually functions are methods. In example they extracted add function with role "addition". So we need to output functions array with name and role. Role likely describes what the function does. For addListener, role could be "register listener". For log, role could be "log message and notify listeners". Also maybe constructor? Probably not considered a function? It is a method but not typical function. The example only included the function defined with name add. So we should include addListener and log. Provide role descriptions.

Keywords: maybe related concepts: "logging","event","observer","console". The example used ["math","add"] for add function. So for our functions, keywords could be relevant terms: for addListener: "event","callback","subscription". For log: "logging","message","notification". Also overall keywords maybe include "logger","class","listener","log". The example had two keywords: ["math","add"]; they included the function name and a related concept. So we can include keywords array with relevant terms: maybe ["logging","event","

🧹 After cleanup:
{"functions":[{"name":"add","role":"addition"}],"keywords":["math","add"]}

✅ JSON VALID!
   Functions: 1
   Keywords: 0

============================================================
TEST: Temperature 0.3
============================================================

📄 Raw output (1501ms):
We need to extract functions from the code. Likely they want to output JSON describing functions? The user says "Extract functions: ... Output only JSON." So we need to output a JSON representation of the functions. Possibly an array of function objects with name, params, body? Or just list of function names? The instruction: "Extract functions:" then code. They want JSON output only. Probably something like:

{
  "functions": [
    {
      "name": "constructor",
      "params": [],
      "body": "..."
    },
    {
      "name": "addListener",
      "params": ["fn"],
      "body": "..."
    },
    {
      "name": "log",
      "params": ["type","message"],
      "body": "..."
    }
  ]
}

But they said "Output only JSON." So we must output just JSON, no extra text. Let's produce a JSON object with extracted functions info. Use reasonable structure.

I'll output:

{
  "functions": [
    {
      "name": "constructor",
      "params": [],
      "body": "this.listeners = [];"
    },
    {
      "name": "addListener",
      "params": ["fn"],
      "body": "this.listeners.push(fn);"
    },
    {
      "name": "log",
      "params": ["type","message"],
      "body": "console.log(`[${type}] ${

🧹 After cleanup:
{
  "functions": [
    {
      "name": "constructor",
      "params": [],
      "body": "..."
    },
    {
      "name": "addListener",
      "params": ["fn"],
      "body": "..."
    },
    {
      "
...

❌ JSON INVALID: Unexpected non-whitespace character after JSON at position 283 (line 21 column 1)

============================================================
TEST: Short output (max_tokens=150)
============================================================

📄 Raw output (768ms):
We need to output JSON only. The user asks: "Functions in this code: ... JSON:" Probably they want a JSON representation of the functions? Maybe they want to extract function names and signatures? The instruction: "Output JSON only." So we must output a JSON object describing the functions. Could be something like:

{
  "Logger": {
    "constructor": "() => {}",
    "addListener": "(fn) => {}",
    "log": "(type, message) => {}"
  }
}

But they said "Functions in this code:" then listed code. They want JSON output only. So we should output a JSON object that maybe maps function names to their definitions? Or just list function names? Probably they want

🧹 After cleanup:
{
  "Logger": {
    "constructor": "() => {}",
    "addListener": "(fn) => {}",
    "log": "(type, message) => {}"
  }
}

✅ JSON VALID!
   Functions: 0
   Keywords: 0

============================================================
TEST: Test 7: Explain then JSON at END
============================================================

📄 Raw output (1476ms):
We need to analyze the code and explain what we find. Then output ONLY the JSON on the last line. The JSON format: {"functions": ["name1"], "classes": ["name2"]}. So we need to list functions and classes found in the code. The code defines a class Logger, and methods: constructor, addListener, log. Those are methods (functions) inside class; but the JSON expects "functions": ["name1"], "classes": ["name2"]. Probably they want to list function names (maybe top-level functions?) and class names. In this code, there is a class Logger, and methods are not top-level functions. But maybe they consider methods as functions? The instruction: "output ONLY the JSON on the last line." So we need to produce explanation first, then on the last line output JSON. The JSON must be exactly in that format: {"functions": ["name1"], "classes": ["name2"]}. We need to fill with appropriate names. The code has a class named Logger. It has methods: constructor, addListener, log. Are these considered functions? Possibly they want to list function names (maybe top-level functions) and class names. There are no top-level functions, only class and its methods. But maybe they want to list the class name under "classes" and maybe the method names under "functions"? The format says "functions": ["name1"], "classes": ["name2"]. So we need

🧹 After cleanup:
{"functions": ["name1"], "classes": ["name2"]}. So we need to list functions and classes found in the code. The code defines a class Logger, and methods: constructor, addListener, log. Those are metho
...

❌ JSON INVALID: Unexpected non-whitespace character after JSON at position 46 (line 1 column 47)

============================================================
TEST: Test 8: ANSWER marker
============================================================

📄 Raw output (778ms):
We need to identify functions and classes in the code. The code defines a class Logger, with constructor, addListener, log methods. Also there are no top-level functions defined (just class). So functions array should be empty, classes array should contain "Logger". The format: {"functions": [], "classes": []}. Should we list class name? Probably as string. So output: {"functions": [], "classes": ["Logger"]}. The instruction: "Think first, then output: ANSWER: {...}". So we need to output exactly that line with answer. Provide JSON with functions empty array and classes containing Logger. Let's do that.
</think>
ANSWER: {"functions": [], "classes": ["Logger"]}

📦 Found JSON with marker

🧹 After cleanup:
{...}

❌ JSON INVALID: Expected property name or '}' in JSON at position 1 (line 1 column 2)

============================================================
TEST: Test 9: Explain + double-newline + JSON
============================================================

📄 Raw output (1016ms):
We need to respond with three lines: first line: explain this code in one sentence. Second line: leave blank. Third line: output {"functions": [], "classes": []} with actual values.

Interpretation: They want to output a JSON object with actual values of functions and classes in the code. The code defines a class Logger, and methods addListener, log. So functions: maybe the methods are functions? They want actual values: maybe list of function names? Or actual function objects? Probably they want to output something like {"functions": ["addListener","log"], "classes": ["Logger"]}. But they said "with actual values". Could be they want to output the actual values of functions and classes defined, maybe something like "functions": [function addListener(){...}, function log(){...}], "classes": [class Logger {...}]. But JSON cannot contain functions. So maybe they want to output the names? The instruction: "output {"functions":

🧹 After cleanup:
{"functions": [], "classes": []} with actual values.

Interpretation: They want to output a JSON object with actual values of functions and classes in the code. The code defines a class Logger, and me
...

❌ JSON INVALID: Unexpected non-whitespace character after JSON at position 33 (line 1 column 34)

============================================================
SUMMARY
============================================================

✅ Successful: 4/6

🎉 Working approaches:
   1. Test 1 (1702ms)
   3. Test 3 (1498ms)
   4. Test 4 (1485ms)
   6. Test 6 (768ms)
