[dotenv@17.2.3] injecting env (12) from .env -- tip: ­ƒöÉ prevent building .env in docker: https://dotenvx.com/prebuild
Initializing LLM Router...
Creating LocalAgentServer...
Workspace config: {
  defaultMachine: 'COOLKID',
  machines: {
    COOLKID: {
      'D:\\Work': '\\\\COOLKID\\Work\\Work',
      'D:\\DEV': '\\\\COOLKID\\DEV'
    },
    FATTEN: { 'E:\\Projects': '\\\\FATTEN\\Projects' }
  }
}

Testing simple read task...

[Progress] 5% - Resolving workspace path...
[Progress] 10% - Validating path access...
[Progress] 15% - Initializing agent...
[Progress] 20% - Starting agent loop...
[Progress] 23.5% - Iteration 1/20...
[Agent] === Iteration 1 ===
[Agent] History length: 2 messages
[Agent] Calling LLM...
[Agent] ERROR in iteration 1: Cannot read properties of undefined (reading 'slice')
[Agent] Stack: TypeError: Cannot read properties of undefined (reading 'slice')
    at LocalAgentServer._runAgentLoop (file:///D:/DEV/mcp_server/src/servers/local-agent.js:155:66)
    at process.processTicksAndRejections (node:internal/process/task_queues:105:5)
    at async LocalAgentServer.callTool (file:///D:/DEV/mcp_server/src/servers/local-agent.js:92:22)
    at async file:///D:/DEV/mcp_server/test/test-agent-simple.js:28:16
[Progress] 27% - Iteration 2/20...
[Agent] === Iteration 2 ===
[Agent] History length: 3 messages
[Agent] Calling LLM...
[Agent] ERROR in iteration 2: Cannot read properties of undefined (reading 'slice')
[Agent] Stack: TypeError: Cannot read properties of undefined (reading 'slice')
    at LocalAgentServer._runAgentLoop (file:///D:/DEV/mcp_server/src/servers/local-agent.js:155:66)
    at process.processTicksAndRejections (node:internal/process/task_queues:105:5)
    at async LocalAgentServer.callTool (file:///D:/DEV/mcp_server/src/servers/local-agent.js:92:22)
    at async file:///D:/DEV/mcp_server/test/test-agent-simple.js:28:16
[Progress] 30.5% - Iteration 3/20...
[Agent] === Iteration 3 ===
[Agent] History length: 4 messages
[Agent] Calling LLM...
[Agent] ERROR in iteration 3: Cannot read properties of undefined (reading 'slice')
[Agent] Stack: TypeError: Cannot read properties of undefined (reading 'slice')
    at LocalAgentServer._runAgentLoop (file:///D:/DEV/mcp_server/src/servers/local-agent.js:155:66)
    at process.processTicksAndRejections (node:internal/process/task_queues:105:5)
    at async LocalAgentServer.callTool (file:///D:/DEV/mcp_server/src/servers/local-agent.js:92:22)
    at async file:///D:/DEV/mcp_server/test/test-agent-simple.js:28:16
[Progress] 34% - Iteration 4/20...
[Agent] === Iteration 4 ===
[Agent] History length: 5 messages
[Agent] Calling LLM...
[Agent] ERROR in iteration 4: Cannot read properties of undefined (reading 'slice')
[Agent] Stack: TypeError: Cannot read properties of undefined (reading 'slice')
    at LocalAgentServer._runAgentLoop (file:///D:/DEV/mcp_server/src/servers/local-agent.js:155:66)
    at process.processTicksAndRejections (node:internal/process/task_queues:105:5)
    at async LocalAgentServer.callTool (file:///D:/DEV/mcp_server/src/servers/local-agent.js:92:22)
    at async file:///D:/DEV/mcp_server/test/test-agent-simple.js:28:16
[Progress] 37.5% - Iteration 5/20...
[Agent] === Iteration 5 ===
[Agent] History length: 6 messages
[Agent] Calling LLM...
[Agent] ERROR in iteration 5: Cannot read properties of undefined (reading 'slice')
[Agent] Stack: TypeError: Cannot read properties of undefined (reading 'slice')
    at LocalAgentServer._runAgentLoop (file:///D:/DEV/mcp_server/src/servers/local-agent.js:155:66)
    at process.processTicksAndRejections (node:internal/process/task_queues:105:5)
    at async LocalAgentServer.callTool (file:///D:/DEV/mcp_server/src/servers/local-agent.js:92:22)
    at async file:///D:/DEV/mcp_server/test/test-agent-simple.js:28:16
[Progress] 41% - Iteration 6/20...
[Agent] === Iteration 6 ===
[Agent] History length: 7 messages
[Agent] Calling LLM...
[Agent] ERROR in iteration 6: Cannot read properties of undefined (reading 'slice')
[Agent] Stack: TypeError: Cannot read properties of undefined (reading 'slice')
    at LocalAgentServer._runAgentLoop (file:///D:/DEV/mcp_server/src/servers/local-agent.js:155:66)
    at process.processTicksAndRejections (node:internal/process/task_queues:105:5)
    at async LocalAgentServer.callTool (file:///D:/DEV/mcp_server/src/servers/local-agent.js:92:22)
    at async file:///D:/DEV/mcp_server/test/test-agent-simple.js:28:16
[Progress] 44.5% - Iteration 7/20...
[Agent] === Iteration 7 ===
[Agent] History length: 8 messages
[Agent] Calling LLM...
[Agent] ERROR in iteration 7: Cannot read properties of undefined (reading 'slice')
[Agent] Stack: TypeError: Cannot read properties of undefined (reading 'slice')
    at LocalAgentServer._runAgentLoop (file:///D:/DEV/mcp_server/src/servers/local-agent.js:155:66)
    at process.processTicksAndRejections (node:internal/process/task_queues:105:5)
    at async LocalAgentServer.callTool (file:///D:/DEV/mcp_server/src/servers/local-agent.js:92:22)
    at async file:///D:/DEV/mcp_server/test/test-agent-simple.js:28:16
[Progress] 48% - Iteration 8/20...
[Agent] === Iteration 8 ===
[Agent] History length: 9 messages
[Agent] Calling LLM...
[Agent] ERROR in iteration 8: Cannot read properties of undefined (reading 'slice')
[Agent] Stack: TypeError: Cannot read properties of undefined (reading 'slice')
    at LocalAgentServer._runAgentLoop (file:///D:/DEV/mcp_server/src/servers/local-agent.js:155:66)
    at process.processTicksAndRejections (node:internal/process/task_queues:105:5)
    at async LocalAgentServer.callTool (file:///D:/DEV/mcp_server/src/servers/local-agent.js:92:22)
    at async file:///D:/DEV/mcp_server/test/test-agent-simple.js:28:16
[Progress] 51.5% - Iteration 9/20...
[Agent] === Iteration 9 ===
[Agent] History length: 10 messages
[Agent] Calling LLM...
[Agent] ERROR in iteration 9: Cannot read properties of undefined (reading 'slice')
[Agent] Stack: TypeError: Cannot read properties of undefined (reading 'slice')
    at LocalAgentServer._runAgentLoop (file:///D:/DEV/mcp_server/src/servers/local-agent.js:155:66)
    at process.processTicksAndRejections (node:internal/process/task_queues:105:5)
    at async LocalAgentServer.callTool (file:///D:/DEV/mcp_server/src/servers/local-agent.js:92:22)
    at async file:///D:/DEV/mcp_server/test/test-agent-simple.js:28:16
[Progress] 55% - Iteration 10/20...
[Agent] === Iteration 10 ===
[Agent] History length: 11 messages
[Agent] Calling LLM...
[Agent] ERROR in iteration 10: Cannot read properties of undefined (reading 'slice')
[Agent] Stack: TypeError: Cannot read properties of undefined (reading 'slice')
    at LocalAgentServer._runAgentLoop (file:///D:/DEV/mcp_server/src/servers/local-agent.js:155:66)
    at process.processTicksAndRejections (node:internal/process/task_queues:105:5)
    at async LocalAgentServer.callTool (file:///D:/DEV/mcp_server/src/servers/local-agent.js:92:22)
    at async file:///D:/DEV/mcp_server/test/test-agent-simple.js:28:16
[Progress] 58.5% - Iteration 11/20...
[Agent] === Iteration 11 ===
[Agent] History length: 12 messages
[Agent] Calling LLM...
[Agent] ERROR in iteration 11: Cannot read properties of undefined (reading 'slice')
[Agent] Stack: TypeError: Cannot read properties of undefined (reading 'slice')
    at LocalAgentServer._runAgentLoop (file:///D:/DEV/mcp_server/src/servers/local-agent.js:155:66)
    at process.processTicksAndRejections (node:internal/process/task_queues:105:5)
    at async LocalAgentServer.callTool (file:///D:/DEV/mcp_server/src/servers/local-agent.js:92:22)
    at async file:///D:/DEV/mcp_server/test/test-agent-simple.js:28:16
[Progress] 62% - Iteration 12/20...
[Agent] === Iteration 12 ===
[Agent] History length: 13 messages
[Agent] Calling LLM...
[Agent] ERROR in iteration 12: Cannot read properties of undefined (reading 'slice')
[Agent] Stack: TypeError: Cannot read properties of undefined (reading 'slice')
    at LocalAgentServer._runAgentLoop (file:///D:/DEV/mcp_server/src/servers/local-agent.js:155:66)
    at process.processTicksAndRejections (node:internal/process/task_queues:105:5)
    at async LocalAgentServer.callTool (file:///D:/DEV/mcp_server/src/servers/local-agent.js:92:22)
    at async file:///D:/DEV/mcp_server/test/test-agent-simple.js:28:16
[Progress] 65.5% - Iteration 13/20...
[Agent] === Iteration 13 ===
[Agent] History length: 14 messages
[Agent] Calling LLM...
[Agent] ERROR in iteration 13: Cannot read properties of undefined (reading 'slice')
[Agent] Stack: TypeError: Cannot read properties of undefined (reading 'slice')
    at LocalAgentServer._runAgentLoop (file:///D:/DEV/mcp_server/src/servers/local-agent.js:155:66)
    at process.processTicksAndRejections (node:internal/process/task_queues:105:5)
    at async LocalAgentServer.callTool (file:///D:/DEV/mcp_server/src/servers/local-agent.js:92:22)
    at async file:///D:/DEV/mcp_server/test/test-agent-simple.js:28:16
[Progress] 69% - Iteration 14/20...
[Agent] === Iteration 14 ===
[Agent] History length: 15 messages
[Agent] Calling LLM...
[Agent] ERROR in iteration 14: Cannot read properties of undefined (reading 'slice')
[Agent] Stack: TypeError: Cannot read properties of undefined (reading 'slice')
    at LocalAgentServer._runAgentLoop (file:///D:/DEV/mcp_server/src/servers/local-agent.js:155:66)
    at process.processTicksAndRejections (node:internal/process/task_queues:105:5)
    at async LocalAgentServer.callTool (file:///D:/DEV/mcp_server/src/servers/local-agent.js:92:22)
    at async file:///D:/DEV/mcp_server/test/test-agent-simple.js:28:16
[Progress] 72.5% - Iteration 15/20...
[Agent] === Iteration 15 ===
[Agent] History length: 16 messages
[Agent] Calling LLM...
[Agent] ERROR in iteration 15: Cannot read properties of undefined (reading 'slice')
[Agent] Stack: TypeError: Cannot read properties of undefined (reading 'slice')
    at LocalAgentServer._runAgentLoop (file:///D:/DEV/mcp_server/src/servers/local-agent.js:155:66)
    at process.processTicksAndRejections (node:internal/process/task_queues:105:5)
    at async LocalAgentServer.callTool (file:///D:/DEV/mcp_server/src/servers/local-agent.js:92:22)
    at async file:///D:/DEV/mcp_server/test/test-agent-simple.js:28:16
[Progress] 76% - Iteration 16/20...
[Agent] === Iteration 16 ===
[Agent] History length: 17 messages
[Agent] Calling LLM...
[Agent] ERROR in iteration 16: Cannot read properties of undefined (reading 'slice')
[Agent] Stack: TypeError: Cannot read properties of undefined (reading 'slice')
    at LocalAgentServer._runAgentLoop (file:///D:/DEV/mcp_server/src/servers/local-agent.js:155:66)
    at process.processTicksAndRejections (node:internal/process/task_queues:105:5)
    at async LocalAgentServer.callTool (file:///D:/DEV/mcp_server/src/servers/local-agent.js:92:22)
    at async file:///D:/DEV/mcp_server/test/test-agent-simple.js:28:16
[Progress] 79.5% - Iteration 17/20...
[Agent] === Iteration 17 ===
[Agent] History length: 18 messages
[Agent] Calling LLM...
[Agent] ERROR in iteration 17: Cannot read properties of undefined (reading 'slice')
[Agent] Stack: TypeError: Cannot read properties of undefined (reading 'slice')
    at LocalAgentServer._runAgentLoop (file:///D:/DEV/mcp_server/src/servers/local-agent.js:155:66)
    at process.processTicksAndRejections (node:internal/process/task_queues:105:5)
    at async LocalAgentServer.callTool (file:///D:/DEV/mcp_server/src/servers/local-agent.js:92:22)
    at async file:///D:/DEV/mcp_server/test/test-agent-simple.js:28:16
[Progress] 83% - Iteration 18/20...
[Agent] === Iteration 18 ===
[Agent] History length: 19 messages
[Agent] Calling LLM...
[Agent] ERROR in iteration 18: Cannot read properties of undefined (reading 'slice')
[Agent] Stack: TypeError: Cannot read properties of undefined (reading 'slice')
    at LocalAgentServer._runAgentLoop (file:///D:/DEV/mcp_server/src/servers/local-agent.js:155:66)
    at process.processTicksAndRejections (node:internal/process/task_queues:105:5)
    at async LocalAgentServer.callTool (file:///D:/DEV/mcp_server/src/servers/local-agent.js:92:22)
    at async file:///D:/DEV/mcp_server/test/test-agent-simple.js:28:16
[Progress] 86.5% - Iteration 19/20...
[Agent] === Iteration 19 ===
[Agent] History length: 20 messages
[Agent] Calling LLM...
[Agent] ERROR in iteration 19: Cannot read properties of undefined (reading 'slice')
[Agent] Stack: TypeError: Cannot read properties of undefined (reading 'slice')
    at LocalAgentServer._runAgentLoop (file:///D:/DEV/mcp_server/src/servers/local-agent.js:155:66)
    at process.processTicksAndRejections (node:internal/process/task_queues:105:5)
    at async LocalAgentServer.callTool (file:///D:/DEV/mcp_server/src/servers/local-agent.js:92:22)
    at async file:///D:/DEV/mcp_server/test/test-agent-simple.js:28:16
[Progress] 90% - Iteration 20/20...
[Agent] === Iteration 20 ===
[Agent] History length: 21 messages
[Agent] Calling LLM...
[Agent] ERROR in iteration 20: Cannot read properties of undefined (reading 'slice')
[Agent] Stack: TypeError: Cannot read properties of undefined (reading 'slice')
    at LocalAgentServer._runAgentLoop (file:///D:/DEV/mcp_server/src/servers/local-agent.js:155:66)
    at process.processTicksAndRejections (node:internal/process/task_queues:105:5)
    at async LocalAgentServer.callTool (file:///D:/DEV/mcp_server/src/servers/local-agent.js:92:22)
    at async file:///D:/DEV/mcp_server/test/test-agent-simple.js:28:16
[Progress] 100% - Complete

=== RESULT ===
{
  "warning": "MAX_ITERATIONS",
  "iterations": 20,
  "partialResult": "No findings collected before stopping."
}
